---
source: tests/set_03.rs
expression: "possible_plaintext_first_blocks.chunks_exact(16).map(|plaintext|\nString::from_utf8_lossy(plaintext).into_owned()).collect::<Vec<String>>()"
---
[
    "I have met them ",
    "Coming with vivi",
    "From counter or ",
    "Eighteenth-centu",
    "I have passed wi",
    "Or polite meanin",
    "Or have lingered",
    "Polite meaningle",
    "And thought befo",
    "Of a mocking tal",
    "To please a comp",
    "Around the fire ",
    "Being certain th",
    "But lived where ",
    "All changed, cha",
    "A terrible beaut",
    "That woman's day",
    "In ignorant good",
    "Her nights in ar",
    "Until her voice ",
    "What voice more ",
    "When young and b",
    "She rode to harr",
    "This man had kep",
    "And rode our win",
    "This other his h",
    "Was coming into ",
    "He might have wo",
    "So sensitive his",
    "So daring and sw",
    "This other man I",
    "A drunken, vain-",
    "He had done most",
    "To some who are ",
    "Yet I number him",
    "He, too, has res",
    "In the casual co",
    "He, too, has bee",
    "Transformed utte",
    "A terrible beaut",
]
