---
source: tests/set_03.rs
expression: "possible_plaintext_first_blocks.chunks_exact(16).map(|plaintext|\nString::from_utf8_lossy(plaintext).into_owned()).collect::<Vec<String>>()"
---
[
    "I'm rated \"R\"...",
    "Cuz I came back ",
    "But don't be afr",
    "Ya tremble like ",
    "Suddenly you fee",
    "Music's the clue",
    "Haven't you ever",
    "Death wish, so c",
    "Friday the thirt",
    "This is off limi",
    "Terror in the st",
    "For those that o",
    "Worse than a nig",
    "Flashbacks inter",
    "Then the beat is",
    "Soon the lyrical",
    "MC's decaying, c",
    "The fiend of a r",
    "Melodies-unmakab",
    "I bless the chil",
    "Hazardous to you",
    "Shake 'till your",
    "If not, my soul'",
    "Cuz your about t",
    "Lyrics of fury! ",
    "Make sure the sy",
    "You want to hear",
    "Then nonchalantl",
    "And I don't care",
    "Program into the",
    "Musical madness ",
    "Open your mind, ",
    "Battle's temptin",
    "You think you're",
    "I wake ya with h",
    "Novocain ease th",
    "Yo Rakim, what's",
    "Well, check this",
    "Kara Lewis is ou",
    "Okay, so who we ",
    "Check this out, ",
    "I wanna hear som",
    "Thinkin' of a ma",
    "So I dig into my",
    "So I start my mi",
    "I need money, I ",
    "I used to roll u",
    "But now I learne",
    "Search for a nin",
    "So I walk up the",
    "A pen and a pape",
    "Fish, which is m",
    "'Cuz I don't lik",
    "So now to test t",
    "Rakim, check thi",
    "'Cause my girl i",
    "Yo, I hear what ",
    "And count our mo",
    "Turn down the ba",
    "And we outta her",
]
